../Src/main.c:38:6:Delay_ms	24	static
../Src/main.c:61:5:__io_putchar	16	static
../Src/main.c:67:5:main	16	static
../Src/main.c:97:6:UART1_Init	8	static
../Src/main.c:110:6:UART1_Read	8	static
../Src/main.c:116:6:UART1_Write	16	static
../Src/main.c:122:6:integer_to_ascii	16	static
../Src/main.c:133:6:Basic_Commands	8	static
../Src/main.c:143:6:Wifi_Conn_Commands	8	static
../Src/main.c:153:6:Wifi_acc	8	static
../Src/main.c:161:6:Thing_Speak_Command_Start	8	static
../Src/main.c:168:6:Data_Commands	8	static
../Src/main.c:188:6:Init_ESP8266	8	static
